python : Traceback 
(most recent call 
last):
At line:1 char:1
+ python 
verify_analytics.py 
> test_output.txt 
2>&1
+ ~~~~~~~~~~~~~~~~~~~
~~~~~~~~~~~~~~~~~~~~~
~~~~~~~~~
    + CategoryInfo   
           : NotSpe  
  cified: (Traceba   
 ck (most recent     
call last)::Stri    
ng) [], RemoteEx    
ception
    + FullyQualified 
   ErrorId : Native  
  CommandError
 
  File "C:\Users\tabd
u\OneDrive\Desktop\re
mitproworkstation\tos
OptionTerminal\verify
_analytics.py", line 
63, in <module>
    
print("\U0001f680 
Starting Phase 2 
Verification")
  File "C:\Users\tabd
u\AppData\Local\Progr
ams\Python\Python310\
lib\encodings\cp1252.
py", line 19, in 
encode
    return codecs.cha
rmap_encode(input,sel
f.errors,encoding_tab
le)[0]
UnicodeEncodeError: 
'charmap' codec 
can't encode 
character 
'\U0001f680' in 
position 0: 
character maps to 
<undefined>
